D:\PAOLA-U\PrograCuatri32022\appPortal\src\main\java\controller\BeanNavegacion.java
D:\PAOLA-U\PrograCuatri32022\appPortal\src\main\java\controller\BeanPlanilla.java
D:\PAOLA-U\PrograCuatri32022\appPortal\src\main\java\DAO\AccesoDatos.java
D:\PAOLA-U\PrograCuatri32022\appPortal\src\main\java\com\mycompany\appportal\JakartaRestConfiguration.java
D:\PAOLA-U\PrograCuatri32022\appPortal\src\main\java\model\Empleado_Planilla.java
D:\PAOLA-U\PrograCuatri32022\appPortal\src\main\java\model\Usuario.java
D:\PAOLA-U\PrograCuatri32022\appPortal\src\main\java\controller\BeanUsuario.java
D:\PAOLA-U\PrograCuatri32022\appPortal\src\main\java\controller\BeanEmpleado.java
D:\PAOLA-U\PrograCuatri32022\appPortal\src\main\java\model\Empleado_PlanillaDB.java
D:\PAOLA-U\PrograCuatri32022\appPortal\src\main\java\controller\BeanSeguridad.java
D:\PAOLA-U\PrograCuatri32022\appPortal\src\main\java\model\PlanillaDB.java
D:\PAOLA-U\PrograCuatri32022\appPortal\src\main\java\DAO\SNMPExceptions.java
D:\PAOLA-U\PrograCuatri32022\appPortal\src\main\java\com\mycompany\appportal\resources\JakartaEE8Resource.java
D:\PAOLA-U\PrograCuatri32022\appPortal\src\main\java\model\Seguridad.java
D:\PAOLA-U\PrograCuatri32022\appPortal\src\main\java\controller\BeanEmpleado_Planilla.java
D:\PAOLA-U\PrograCuatri32022\appPortal\src\main\java\model\EmpleadoDB.java
D:\PAOLA-U\PrograCuatri32022\appPortal\src\main\java\model\Planilla.java
D:\PAOLA-U\PrograCuatri32022\appPortal\src\main\java\model\Empleado.java
D:\PAOLA-U\PrograCuatri32022\appPortal\src\main\java\model\UsuarioDB.java
